1 failed, 1 passed, 51 warnings in 0.69s
